
Pokušaj prijavljivanja sa praznim poljima - 2024-09-08 21:40:34
Pokušaj prijavljivanja sa praznim poljima - 2024-09-08 21:40:34
Pokušaj prijavljivanja sa praznim poljima - 2024-09-08 21:40:35
Pokušaj prijavljivanja sa praznim poljima - 2024-09-08 21:40:35
Pokušaj prijavljivanja sa praznim poljima - 2024-09-08 21:40:35
Pokušaj prijavljivanja sa praznim poljima - 2024-09-08 21:40:35
Pokušaj prijavljivanja sa praznim poljima - 2024-09-08 21:40:36
Pokušaj prijavljivanja sa praznim poljima - 2024-09-08 21:40:36
Pokušaj prijavljivanja sa praznim poljima - 2024-09-08 21:40:36
Pokušaj prijavljivanja sa praznim poljima - 2024-09-08 21:40:37
Pokušaj prijavljivanja sa praznim poljima - 2024-09-08 21:40:37
Pokušaj prijavljivanja sa praznim poljima - 2024-09-08 21:40:37
Pokušaj prijavljivanja sa praznim poljima - 2024-09-08 21:40:37
Pokušaj prijavljivanja sa praznim poljima - 2024-09-08 21:40:39


Pokušaj prijavljivanja: email: admin@gmail.com - 2024-09-12 09:03:41
Uspešno prijavljivanje: email: admin@gmail.com - 2024-09-12 09:03:41
Pokušaj prijavljivanja: email: admin@gmail.com - 2024-09-12 09:06:48
Uspešno prijavljivanje: email: admin@gmail.com - 2024-09-12 09:06:48
Pokušaj prijavljivanja: email: admin@gmail.com - 2024-09-12 09:07:07
Uspešno prijavljivanje: email: admin@gmail.com - 2024-09-12 09:07:07
Pokušaj prijavljivanja: email: admin@gmail.com - 2024-09-12 09:17:34
Uspešno prijavljivanje: email: admin@gmail.com - 2024-09-12 09:17:34
Pokušaj prijavljivanja: email: admin@gmail.com - 2024-09-12 09:25:16
Uspešno prijavljivanje: email: admin@gmail.com - 2024-09-12 09:25:16

Pokušaj prijavljivanja: email: student@gmail.com - 2024-09-18 18:05:18
Uspešno prijavljivanje: email: student@gmail.com - 2024-09-18 18:05:18
Login attempt: email: student@gmail.com - 2024-09-19 16:54:08
Successful login: email: student@gmail.com - 2024-09-19 16:54:08
Login attempt: email: admin@gmail.com - 2024-09-19 16:59:47
Successful login: email: admin@gmail.com - 2024-09-19 16:59:47
Login attempt: email: admin@gmail.com - 2024-09-19 17:23:44
Successful login: email: admin@gmail.com - 2024-09-19 17:23:44
Login attempt: email: admin@gmail.com - 2024-09-19 17:25:57
Successful login: email: admin@gmail.com - 2024-09-19 17:25:57
Login attempt: email: admin@gmail.com - 2024-09-19 17:33:05
Successful login: email: admin@gmail.com - 2024-09-19 17:33:05
Login attempt: email: student@gmail.com - 2024-09-19 17:33:17
Successful login: email: student@gmail.com - 2024-09-19 17:33:17
